#0 building with "default" instance using docker driver

#1 [internal] load build definition from Dockerfile
#1 transferring dockerfile: 136B 0.0s done
#1 DONE 0.0s

#2 resolve image config for docker-image://docker.io/docker/dockerfile:1
#2 DONE 0.6s

#3 docker-image://docker.io/docker/dockerfile:1@sha256:ecfaec9ed6d810b56388c508f4121597bfbba70d41a6dfeee4d8cad5f295fc32
#3 resolve docker.io/docker/dockerfile:1@sha256:ecfaec9ed6d810b56388c508f4121597bfbba70d41a6dfeee4d8cad5f295fc32 0.0s done
#3 CACHED

#4 [internal] load metadata for docker.io/library/alpine:3.22
#4 DONE 0.4s

#5 [internal] load .dockerignore
#5 transferring context: 77B done
#5 DONE 0.0s

#6 [internal] load build context
#6 transferring context: 175B 0.0s done
#6 DONE 0.0s

#7 [1/3] FROM docker.io/library/alpine:3.22@sha256:14358309a308569c32bdc37e2e0e9694be33a9d99e68afb0f5ff33cc1f695dce
#7 resolve docker.io/library/alpine:3.22@sha256:14358309a308569c32bdc37e2e0e9694be33a9d99e68afb0f5ff33cc1f695dce 0.1s done
#7 DONE 0.1s

#8 [2/3] WORKDIR /app
#8 CACHED

#9 [3/3] COPY . .
#9 DONE 0.0s

#10 exporting to image
#10 exporting layers 0.1s done
#10 exporting manifest sha256:9ecabdd255d30d5c08058ae344a6fd55c855cff50c7c3f974238c93573bf89c0 0.0s done
#10 exporting config sha256:ba84a97629f55bb3351de92686a44f430704a4179e09e71e50d448a78438f889 0.0s done
#10 exporting attestation manifest sha256:4ab8fb8f940aa14c95dad0eb2c8d80073a501ffddeb72e9a998ad507a528e7b3 0.0s done
#10 exporting manifest list sha256:0da6a313f37ec3895edf53622f8a6a2c0d045a07b916efcc62edcf6572a2efa5
#10 exporting manifest list sha256:0da6a313f37ec3895edf53622f8a6a2c0d045a07b916efcc62edcf6572a2efa5 0.0s done
#10 naming to docker.io/library/context-lab:after done
#10 unpacking to docker.io/library/context-lab:after 0.1s done
#10 DONE 0.3s
