#0 building with "default" instance using docker driver

#1 [internal] load build definition from Dockerfile
#1 transferring dockerfile: 136B 0.0s done
#1 DONE 0.1s

#2 resolve image config for docker-image://docker.io/docker/dockerfile:1
#2 DONE 1.2s

#3 docker-image://docker.io/docker/dockerfile:1@sha256:ecfaec9ed6d810b56388c508f4121597bfbba70d41a6dfeee4d8cad5f295fc32
#3 resolve docker.io/docker/dockerfile:1@sha256:ecfaec9ed6d810b56388c508f4121597bfbba70d41a6dfeee4d8cad5f295fc32 0.1s done
#3 CACHED

#4 [internal] load metadata for docker.io/library/alpine:3.22
#4 DONE 1.2s

#5 [internal] load .dockerignore
#5 transferring context: 2B done
#5 DONE 0.0s

#6 [internal] load build context
#6 DONE 0.0s

#7 [1/3] FROM docker.io/library/alpine:3.22@sha256:14358309a308569c32bdc37e2e0e9694be33a9d99e68afb0f5ff33cc1f695dce
#7 resolve docker.io/library/alpine:3.22@sha256:14358309a308569c32bdc37e2e0e9694be33a9d99e68afb0f5ff33cc1f695dce 0.1s done
#7 DONE 0.1s

#6 [internal] load build context
#6 transferring context: 2.10MB 0.1s done
#6 DONE 0.1s

#7 [1/3] FROM docker.io/library/alpine:3.22@sha256:14358309a308569c32bdc37e2e0e9694be33a9d99e68afb0f5ff33cc1f695dce
#7 sha256:f7ee36c9aa34bbb665f975c76e5c0d1607f0674b94c84cfb0061f87006ea5d10 0B / 3.79MB 0.2s
#7 sha256:f7ee36c9aa34bbb665f975c76e5c0d1607f0674b94c84cfb0061f87006ea5d10 1.05MB / 3.79MB 0.3s
#7 sha256:f7ee36c9aa34bbb665f975c76e5c0d1607f0674b94c84cfb0061f87006ea5d10 3.56MB / 3.79MB 0.5s
#7 sha256:f7ee36c9aa34bbb665f975c76e5c0d1607f0674b94c84cfb0061f87006ea5d10 3.79MB / 3.79MB 0.5s done
#7 extracting sha256:f7ee36c9aa34bbb665f975c76e5c0d1607f0674b94c84cfb0061f87006ea5d10
#7 extracting sha256:f7ee36c9aa34bbb665f975c76e5c0d1607f0674b94c84cfb0061f87006ea5d10 0.3s done
#7 DONE 0.9s

#8 [2/3] WORKDIR /app
#8 DONE 0.1s

#9 [3/3] COPY . .
#9 DONE 0.1s

#10 exporting to image
#10 exporting layers
#10 exporting layers 0.3s done
#10 exporting manifest sha256:eb9ccb971aa4db937382ee8eb0fa537b859e0266306df9339bdb3eb021f13efc 0.0s done
#10 exporting config sha256:4b994b535edbe06b0fc9a4fab281c7e4f067a2d0d465cac2834e67750a00bb5d 0.0s done
#10 exporting attestation manifest sha256:6a61942499ddcf5785d6c85d0709277fca7baa3586d37539f61e1045dc9cb905 0.0s done
#10 exporting manifest list sha256:c884791c940d53aa6fb9358d14b8ce62ee92d822f6cf02891afec819487be333
#10 exporting manifest list sha256:c884791c940d53aa6fb9358d14b8ce62ee92d822f6cf02891afec819487be333 0.0s done
#10 naming to docker.io/library/context-lab:before done
#10 unpacking to docker.io/library/context-lab:before 0.1s done
#10 DONE 0.7s
